Flutter crash report.
Please report a bug at https://github.com/flutter/flutter/issues.

## command

flutter run --flavor dev --profile

## exception

String: failed to connect to http://127.0.0.1:61657/cFdrH0XZVXg=/ DartDevelopmentServiceException: WebSocketChannelException: HttpException: Connection closed before full header was received, uri = http://127.0.0.1:61657/cFdrH0XZVXg=/ws

```
```

## flutter doctor

```
[32m[✓][39m Flutter (Channel stable, 3.38.7, on Microsoft Windows
    [Version 10.0.26200.8875], locale en-IN) [1,075ms]
    [32m•[39m Flutter version 3.38.7 on channel stable at
      C:\xampp2\htdocs\flutter
    [32m•[39m Upstream repository
      https://github.com/flutter/flutter.git
    [32m•[39m Framework revision 3b62efc2a3 (7 months ago),
      2026-01-13 13:47:42 -0800
    [32m•[39m Engine revision 78fc3012e4
    [32m•[39m Dart version 3.10.7
    [32m•[39m DevTools version 2.51.1
    [32m•[39m Feature flags: enable-web, enable-linux-desktop,
      enable-macos-desktop, enable-windows-desktop,
      enable-android, enable-ios, cli-animations,
      enable-native-assets, omit-legacy-version-file,
      enable-lldb-debugging

[32m[✓][39m Windows Version (Windows 11 or higher, 25H2, 2009)
    [2.6s]

[32m[✓][39m Android toolchain - develop for Android devices
    (Android SDK version 36.1.0) [5.9s]
    [32m•[39m Android SDK at
      C:\Users\solan\AppData\Local\Android\sdk
    [32m•[39m Emulator version 36.5.11.0 (build_id 15261927)
      (CL:N/A)
    [32m•[39m Platform android-36, build-tools 36.1.0
    [32m•[39m ANDROID_HOME =
      C:\Users\solan\AppData\Local\Android\Sdk
    [32m•[39m ANDROID_SDK_ROOT =
      C:\Users\solan\AppData\Local\Android\Sdk
    [32m•[39m Java binary at: C:\Program Files\Android\Android
      Studio\jbr\bin\java
      This is the JDK bundled with the latest Android
      Studio installation on this machine.
      To manually set the JDK path, use: `flutter config
      --jdk-dir="path/to/jdk"`.
    [32m•[39m Java version OpenJDK Runtime Environment (build
      21.0.8+-14196175-b1038.72)
    [32m•[39m All Android licenses accepted.

[32m[✓][39m Chrome - develop for the web [558ms]
    [32m•[39m Chrome at C:\Program
      Files\Google\Chrome\Application\chrome.exe

[31m[✗][39m Visual Studio - develop Windows apps [556ms]
    [31m✗[39m Visual Studio not installed; this is necessary to
      develop Windows apps.
      Download at
      https://visualstudio.microsoft.com/downloads/.
      Please install the "Desktop development with C++"
      workload, including all of its default components

[32m[✓][39m Connected device (4 available) [623ms]
    [32m•[39m sdk gphone16k x86 64 (mobile) • emulator-5554 •
      android-x64    • Android 17 (API 37) (emulator)
    [32m•[39m Windows (desktop)             • windows       •
      windows-x64    • Microsoft Windows [Version
      10.0.26200.8875]
    [32m•[39m Chrome (web)                  • chrome        •
      web-javascript • Google Chrome 151.0.7922.76
    [32m•[39m Edge (web)                    • edge          •
      web-javascript • Microsoft Edge 151.0.4129.59

[32m[✓][39m Network resources [756ms]
    [32m•[39m All expected network resources are available.

[33m![39m Doctor found issues in 1 category.
```
